# Delitmus tests

## iriw.c.litmus

```
// <!> Auto-generated from a litmus test by act.
#include <stdatomic.h>
atomic_int x = 0;
atomic_int y = 0;
int t2r0 = 0;
int t2r1 = 0;
int t3r0 = 0;
int t3r1 = 0;
void
P0()
{ atomic_store_explicit(&x, 1, memory_order_seq_cst); }
void
P1()
{ atomic_store_explicit(&y, 1, memory_order_seq_cst); }
void
P2()
{
    t2r0 = atomic_load_explicit(&x, memory_order_acquire);
    t2r1 = atomic_load_explicit(&y, memory_order_seq_cst);
}
void
P3()
{
    t3r0 = atomic_load_explicit(&y, memory_order_acquire);
    t3r1 = atomic_load_explicit(&x, memory_order_seq_cst);
}


// C variables:
// - t3r0
// - t3r1
// - x
// - y

// Postcondition:
// exists (2:r0 == 1 /\ 2:r1 == 0 /\ 3:r0 == 1 /\ 3:r1 == 0)
```
## iriw_fuzz_redundant.c.litmus

```
// <!> Auto-generated from a litmus test by act.
#include <stdatomic.h>
int MaJgQmON3yu = 2728;
int VFTQNWN = -13;
int ZgoV7uel9o = 1073;
int m02M5s = -64856;
atomic_int ne0J8wrPQam = -12197004;
atomic_int x = 0;
atomic_int y = 0;
int t3r0 = 0;
int t3r1 = 0;
int t4r0 = 0;
int t4r1 = 0;
void
P0()
{ atomic_store_explicit(&ne0J8wrPQam, 3417, memory_order_seq_cst); }
void
P1()
{
    atomic_store_explicit(&ne0J8wrPQam, 481486, memory_order_relaxed);
    atomic_store_explicit(&x, 1, memory_order_seq_cst);
}
void
P2()
{ atomic_store_explicit(&y, 1, memory_order_seq_cst); }
void
P3()
{
    t3r0 = atomic_load_explicit(&x, memory_order_acquire);
    t3r1 = atomic_load_explicit(&y, memory_order_seq_cst);
    atomic_store_explicit(&ne0J8wrPQam, -7, memory_order_seq_cst);
}
void
P4()
{
    t4r0 = atomic_load_explicit(&y, memory_order_acquire);
    t4r1 = atomic_load_explicit(&x, memory_order_seq_cst);
}


// C variables:
// - MaJgQmON3yu
// - VFTQNWN
// - ZgoV7uel9o
// - m02M5s
// - ne0J8wrPQam
// - t4r0
// - t4r1
// - x
// - y

// Postcondition:
// exists (2:r0 == 1 /\ 2:r1 == 0 /\ 3:r0 == 1 /\ 3:r1 == 0)
```
## memalloy_cmpxchg.c.litmus

```
// <!> Auto-generated from a litmus test by act.
#include <stdatomic.h>
atomic_int x = 0;
int t0r0 = 0;
void
P0()
{
    t0r0 = 0;
    atomic_compare_exchange_strong_explicit(&x, &t0r0, 2,
                                            memory_order_relaxed,
                                            memory_order_relaxed);
}
void
P1()
{ atomic_store_explicit(&x, 1, memory_order_relaxed); }


// C variables:
// - t0r0
// - x

// Postcondition:
// exists (0:r0 == 0 /\ x == 2)
```
## memalloy_na_int.c.litmus

```
// <!> Auto-generated from a litmus test by act.
#include <stdatomic.h>
int x = 0;
int t0r0 = 0;
void
P0()
{ x = 1; t0r0 = x; }


// C variables:
// - t0r0
// - x

// Postcondition:
// exists (0:r0 == 0 /\ x == 1)
```
## rwc.c.litmus

```
// <!> Auto-generated from a litmus test by act.
#include <stdatomic.h>
atomic_int x = 0;
atomic_int y = 0;
int t1r0 = 0;
int t1r1 = 0;
int t2r0 = 0;
void
P0()
{ atomic_store_explicit(&x, 1, memory_order_seq_cst); }
void
P1()
{
    t1r0 = atomic_load_explicit(&x, memory_order_acquire);
    t1r1 = atomic_load_explicit(&y, memory_order_seq_cst);
}
void
P2()
{
    atomic_store_explicit(&y, 1, memory_order_seq_cst);
    t2r0 = atomic_load_explicit(&x, memory_order_seq_cst);
}


// C variables:
// - t1r1
// - t2r0
// - x
// - y

// Postcondition:
// exists (1:r0 == 1 /\ 1:r1 == 0 /\ 2:r0 == 0)
```

Ran 5 test(s).
