# Herd_observations tests

## sbsc_forall.txt

```
{
  "flags": [ "sat" ],
  "states": [
    { "0:a": "0", "1:a": "0" },
    { "0:a": "0", "1:a": "1" },
    { "0:a": "1", "1:a": "0" },
    { "0:a": "1", "1:a": "1" }
  ],
  "witnesses": [],
  "counter_examples": []
}```

Ran 1 test(s).
